// Jest Snapshot v1, https://goo.gl/fbAQLP

exports[`Can show input field 1`] = `
<form
  onSubmit={[Function]}
>
  <input
    className="edit"
    onChange={[Function]}
    placeholder="What needs to be done?"
    type="text"
    value=""
  />
</form>
`;
