// Jest Snapshot v1, https://goo.gl/fbAQLP

exports[`Can show FilterButton (active) 1`] = `
<a
  className="filterButton"
  href="/#undefined"
  name={undefined}
/>
`;

exports[`Can show FilterButton 1`] = `
<a
  className="filterButton"
  href="/#undefined"
  name={undefined}
/>
`;
